 Image desktopinvasion-invasionview Building 
#1 [internal] load local bake definitions
#1 reading from stdin 546B done
#1 DONE 0.0s

#2 [internal] load build definition from Dockerfile
#2 transferring dockerfile: 830B done
#2 WARN: ConsistentInstructionCasing: Command 'copy' should match the case of the command majority (uppercase) (line 28)
#2 DONE 0.0s

#3 [internal] load metadata for docker.io/stateoftheartio/qt6:6.6-gcc-aqt
#3 DONE 0.0s

#4 [internal] load .dockerignore
#4 transferring context: 106B done
#4 DONE 0.0s

#5 [ 1/12] FROM docker.io/stateoftheartio/qt6:6.6-gcc-aqt
#5 DONE 0.0s

#6 [internal] load build context
#6 transferring context: 6.88kB done
#6 DONE 0.0s

#7 [ 4/12] WORKDIR /app
#7 CACHED

#8 [ 2/12] RUN apt-get update && apt-get install -y     build-essential     cmake     inotify-tools     libx11-xcb-dev     libgl1-mesa-dev     libsqlite3-dev     && rm -rf /var/lib/apt/lists/*
#8 CACHED

#9 [ 3/12] RUN locale-gen en_US.UTF-8
#9 CACHED

#10 [ 6/12] COPY CMakeLists.txt ./CMakeLists.txt
#10 CACHED

#11 [ 7/12] COPY assets ./assets
#11 CACHED

#12 [ 5/12] COPY build_and_run.sh ./build_and_run.sh
#12 CACHED

#13 [ 9/12] COPY include ./include
#13 CACHED

#14 [ 8/12] COPY qml ./qml
#14 CACHED

#15 [10/12] COPY src ./src
#15 CACHED

#16 [11/12] COPY resources.qrc ./resources.qrc
#16 CACHED

#17 [12/12] RUN chmod +x ./build_and_run.sh
#17 CACHED

#18 exporting to image
#18 exporting layers done
#18 writing image sha256:06c4e49cf87b3e2b3fb9d3e6c51d3162212a26a19e5284278bd89d7367cbd3e3 done
#18 naming to docker.io/library/desktopinvasion-invasionview done
#18 DONE 0.0s

#19 resolving provenance for metadata file
#19 DONE 0.0s
 Image desktopinvasion-invasionview Built 
 Container invasionview Running 
Attaching to invasionview
